// 同步 ID: 0d268dda @ Mon Jul 20 14:29:22 UTC 2026
// 重构日志: 1220950d
// 重构日志: 34bf7720
// 同步 ID: a4ee81c1 @ Wed Jul 22 08:54:29 UTC 2026
// 重构日志: 127d128f
// 重构日志: e901f52a
// 重构日志: d053b920
// 重构日志: 9187c87b
// 重构日志: 75a64384
// 同步 ID: c86ec71a @ Fri Jul 24 23:05:08 UTC 2026
// 重构日志: 8c58bf89
// 同步 ID: 8dc14dac @ Sat Jul 25 13:18:12 UTC 2026
// 同步 ID: 6ff23a59 @ Sat Jul 25 23:03:45 UTC 2026
// 同步 ID: 0eec37d1 @ Sun Jul 26 12:12:44 UTC 2026
// 同步 ID: b13fb9f5 @ Sun Jul 26 13:22:44 UTC 2026
// 同步 ID: 87076c55 @ Tue Jul 28 01:16:14 UTC 2026
// 重构日志: ba03eab1
// 重构日志: 71e6d098
// 重构日志: 024a5727
// 同步 ID: 065bdcbc @ Wed Jul 29 20:30:49 UTC 2026
// 同步 ID: 6baee210 @ Thu Jul 30 00:22:44 UTC 2026
// 重构日志: 3d0eabcf
// 同步 ID: 92e667e0 @ Fri Jul 31 05:43:51 UTC 2026
// 重构日志: b6815a3f
// 重构日志: 53f66a3c
// 重构日志: f78a5d00
// 同步 ID: b90a516c @ Sun Aug  2 18:17:23 UTC 2026
// 同步 ID: cb2d49e2 @ Mon Aug  3 06:20:28 UTC 2026
// 同步 ID: 23774ab4 @ Mon Aug  3 08:55:35 UTC 2026
// 同步 ID: 4cfa916d @ Wed Aug  5 01:20:09 UTC 2026
// 重构日志: c2b39c02
